
> geschool@0.1.0 start /app
> next start

   ▲ Next.js 15.0.7
   - Local:        http://localhost:3000

 ✓ Starting...
 ✓ Ready in 598ms
Registration API error: Error: Missing Supabase environment variables for admin client
    at a (/app/.next/server/app/api/assignments/[id]/attachments/route.js:1:3956)
    at p (/app/.next/server/app/api/auth/register/route.js:1:1173)
    at async te.do (/app/node_modules/.pnpm/next@15.0.7_@babel+core@7.28.5_@playwright+test@1.56.1_babel-plugin-react-compiler@1.0._db397b97e7a4ec1c2a233efc7c8fed1e/node_modules/next/dist/compiled/next-server/app-route.runtime.prod.js:18:17826)
    at async te.handle (/app/node_modules/.pnpm/next@15.0.7_@babel+core@7.28.5_@playwright+test@1.56.1_babel-plugin-react-compiler@1.0._db397b97e7a4ec1c2a233efc7c8fed1e/node_modules/next/dist/compiled/next-server/app-route.runtime.prod.js:18:22492)
    at async doRender (/app/node_modules/.pnpm/next@15.0.7_@babel+core@7.28.5_@playwright+test@1.56.1_babel-plugin-react-compiler@1.0._db397b97e7a4ec1c2a233efc7c8fed1e/node_modules/next/dist/server/base-server.js:1455:42)
    at async responseGenerator (/app/node_modules/.pnpm/next@15.0.7_@babel+core@7.28.5_@playwright+test@1.56.1_babel-plugin-react-compiler@1.0._db397b97e7a4ec1c2a233efc7c8fed1e/node_modules/next/dist/server/base-server.js:1814:28)
    at async NextNodeServer.renderToResponseWithComponentsImpl (/app/node_modules/.pnpm/next@15.0.7_@babel+core@7.28.5_@playwright+test@1.56.1_babel-plugin-react-compiler@1.0._db397b97e7a4ec1c2a233efc7c8fed1e/node_modules/next/dist/server/base-server.js:1824:28)
    at async NextNodeServer.renderPageComponent (/app/node_modules/.pnpm/next@15.0.7_@babel+core@7.28.5_@playwright+test@1.56.1_babel-plugin-react-compiler@1.0._db397b97e7a4ec1c2a233efc7c8fed1e/node_modules/next/dist/server/base-server.js:2240:24)
    at async NextNodeServer.renderToResponseImpl (/app/node_modules/.pnpm/next@15.0.7_@babel+core@7.28.5_@playwright+test@1.56.1_babel-plugin-react-compiler@1.0._db397b97e7a4ec1c2a233efc7c8fed1e/node_modules/next/dist/server/base-server.js:2278:32)
Registration API error: Error: Missing Supabase environment variables for admin client
    at a (/app/.next/server/app/api/assignments/[id]/attachments/route.js:1:3956)
    at p (/app/.next/server/app/api/auth/register/route.js:1:1173)
    at async te.do (/app/node_modules/.pnpm/next@15.0.7_@babel+core@7.28.5_@playwright+test@1.56.1_babel-plugin-react-compiler@1.0._db397b97e7a4ec1c2a233efc7c8fed1e/node_modules/next/dist/compiled/next-server/app-route.runtime.prod.js:18:17826)
    at async te.handle (/app/node_modules/.pnpm/next@15.0.7_@babel+core@7.28.5_@playwright+test@1.56.1_babel-plugin-react-compiler@1.0._db397b97e7a4ec1c2a233efc7c8fed1e/node_modules/next/dist/compiled/next-server/app-route.runtime.prod.js:18:22492)
    at async doRender (/app/node_modules/.pnpm/next@15.0.7_@babel+core@7.28.5_@playwright+test@1.56.1_babel-plugin-react-compiler@1.0._db397b97e7a4ec1c2a233efc7c8fed1e/node_modules/next/dist/server/base-server.js:1455:42)
    at async responseGenerator (/app/node_modules/.pnpm/next@15.0.7_@babel+core@7.28.5_@playwright+test@1.56.1_babel-plugin-react-compiler@1.0._db397b97e7a4ec1c2a233efc7c8fed1e/node_modules/next/dist/server/base-server.js:1814:28)
    at async NextNodeServer.renderToResponseWithComponentsImpl (/app/node_modules/.pnpm/next@15.0.7_@babel+core@7.28.5_@playwright+test@1.56.1_babel-plugin-react-compiler@1.0._db397b97e7a4ec1c2a233efc7c8fed1e/node_modules/next/dist/server/base-server.js:1824:28)
    at async NextNodeServer.renderPageComponent (/app/node_modules/.pnpm/next@15.0.7_@babel+core@7.28.5_@playwright+test@1.56.1_babel-plugin-react-compiler@1.0._db397b97e7a4ec1c2a233efc7c8fed1e/node_modules/next/dist/server/base-server.js:2240:24)
    at async NextNodeServer.renderToResponseImpl (/app/node_modules/.pnpm/next@15.0.7_@babel+core@7.28.5_@playwright+test@1.56.1_babel-plugin-react-compiler@1.0._db397b97e7a4ec1c2a233efc7c8fed1e/node_modules/next/dist/server/base-server.js:2278:32)
Registration API error: Error: Missing Supabase environment variables for admin client
    at a (/app/.next/server/app/api/assignments/[id]/attachments/route.js:1:3956)
    at p (/app/.next/server/app/api/auth/register/route.js:1:1173)
    at async te.do (/app/node_modules/.pnpm/next@15.0.7_@babel+core@7.28.5_@playwright+test@1.56.1_babel-plugin-react-compiler@1.0._db397b97e7a4ec1c2a233efc7c8fed1e/node_modules/next/dist/compiled/next-server/app-route.runtime.prod.js:18:17826)
    at async te.handle (/app/node_modules/.pnpm/next@15.0.7_@babel+core@7.28.5_@playwright+test@1.56.1_babel-plugin-react-compiler@1.0._db397b97e7a4ec1c2a233efc7c8fed1e/node_modules/next/dist/compiled/next-server/app-route.runtime.prod.js:18:22492)
    at async doRender (/app/node_modules/.pnpm/next@15.0.7_@babel+core@7.28.5_@playwright+test@1.56.1_babel-plugin-react-compiler@1.0._db397b97e7a4ec1c2a233efc7c8fed1e/node_modules/next/dist/server/base-server.js:1455:42)
    at async responseGenerator (/app/node_modules/.pnpm/next@15.0.7_@babel+core@7.28.5_@playwright+test@1.56.1_babel-plugin-react-compiler@1.0._db397b97e7a4ec1c2a233efc7c8fed1e/node_modules/next/dist/server/base-server.js:1814:28)
    at async NextNodeServer.renderToResponseWithComponentsImpl (/app/node_modules/.pnpm/next@15.0.7_@babel+core@7.28.5_@playwright+test@1.56.1_babel-plugin-react-compiler@1.0._db397b97e7a4ec1c2a233efc7c8fed1e/node_modules/next/dist/server/base-server.js:1824:28)
    at async NextNodeServer.renderPageComponent (/app/node_modules/.pnpm/next@15.0.7_@babel+core@7.28.5_@playwright+test@1.56.1_babel-plugin-react-compiler@1.0._db397b97e7a4ec1c2a233efc7c8fed1e/node_modules/next/dist/server/base-server.js:2240:24)
    at async NextNodeServer.renderToResponseImpl (/app/node_modules/.pnpm/next@15.0.7_@babel+core@7.28.5_@playwright+test@1.56.1_babel-plugin-react-compiler@1.0._db397b97e7a4ec1c2a233efc7c8fed1e/node_modules/next/dist/server/base-server.js:2278:32)
